I'm sorry, but errors were detected in your script. Please correct the
errors listed below, and try again.


File "game/quest_event_scripts/Just all in one for now.rpy", line 3: expected statement.
    for a_player in player_ARRAY:
                 ^

Ren'Py Version: Ren'Py 7.3.5.606
Thu Oct 29 14:54:39 2020
